waynne0205@HQO003113 MINGW64 /d/users/waynne0205/Desktop/Github
$ https://github.com/waynne0205/TPNet_Test_1.git
bash: https://github.com/waynne0205/TPNet_Test_1.git: No such file or directory

waynne0205@HQO003113 MINGW64 /d/users/waynne0205/Desktop/Github
$ git clone https://github.com/waynne0205/TPNet_Test_1.git
Cloning into 'TPNet_Test_1'...
warning: You appear to have cloned an empty repository.

waynne0205@HQO003113 MINGW64 /d/users/waynne0205/Desktop/Github
$ cd TPNet_Test_1/

waynne0205@HQO003113 MINGW64 /d/users/waynne0205/Desktop/Github/TPNet_Test_1 (main)
$ git status
On branch main

No commits yet

Untracked files:
  (use "git add <file>..." to include in what will be committed)
        README.md
        code.txt

nothing added to commit but untracked files present (use "git add" to track)

waynne0205@HQO003113 MINGW64 /d/users/waynne0205/Desktop/Github/TPNet_Test_1 (main)
$ git add ./

waynne0205@HQO003113 MINGW64 /d/users/waynne0205/Desktop/Github/TPNet_Test_1 (main)
$ git commit -a
[main (root-commit) 15ef586] 新增 README.md & code.txt
 Committer: 中華電信-敦陽-陳韋翔 <waynne0205@twport.com.tw>
Your name and email address were configured automatically based
on your username and hostname. Please check that they are accurate.
You can suppress this message by setting them explicitly:

    git config --global user.name "Your Name"
    git config --global user.email you@example.com

After doing this, you may fix the identity used for this commit with:

    git commit --amend --reset-author

 2 files changed, 2 insertions(+)
 create mode 100644 README.md
 create mode 100644 code.txt

waynne0205@HQO003113 MINGW64 /d/users/waynne0205/Desktop/Github/TPNet_Test_1 (main)
$ git push
Enumerating objects: 4, done.
Counting objects: 100% (4/4), done.
Delta compression using up to 12 threads
Compressing objects: 100% (2/2), done.
Writing objects: 100% (4/4), 320 bytes | 320.00 KiB/s, done.
Total 4 (delta 0), reused 0 (delta 0), pack-reused 0
To https://github.com/waynne0205/TPNet_Test_1.git
 * [new branch]      main -> main

waynne0205@HQO003113 MINGW64 /d/users/waynne0205/Desktop/Github/TPNet_Test_1 (main)
$ git status
On branch main
Your branch is up to date with 'origin/main'.

Changes not staged for commit:
  (use "git add <file>..." to update what will be committed)
  (use "git restore <file>..." to discard changes in working directory)
        modified:   README.md

no changes added to commit (use "git add" and/or "git commit -a")

waynne0205@HQO003113 MINGW64 /d/users/waynne0205/Desktop/Github/TPNet_Test_1 (main)
$ git diff
diff --git a/README.md b/README.md
index 2de3f25..0449173 100644
--- a/README.md
+++ b/README.md
@@ -1 +1,3 @@
-TEST!!!
\ No newline at end of file
+TEST!!!
+
+PART2
\ No newline at end of file

waynne0205@HQO003113 MINGW64 /d/users/waynne0205/Desktop/Github/TPNet_Test_1 (main)
$ git add README.md

waynne0205@HQO003113 MINGW64 /d/users/waynne0205/Desktop/Github/TPNet_Test_1 (main)
$ git commit -a
[main 58f3e27] README 更新
 Committer: 中華電信-敦陽-陳韋翔 <waynne0205@twport.com.tw>
Your name and email address were configured automatically based
on your username and hostname. Please check that they are accurate.
You can suppress this message by setting them explicitly:

    git config --global user.name "Your Name"
    git config --global user.email you@example.com

After doing this, you may fix the identity used for this commit with:

    git commit --amend --reset-author

 1 file changed, 3 insertions(+), 1 deletion(-)

waynne0205@HQO003113 MINGW64 /d/users/waynne0205/Desktop/Github/TPNet_Test_1 (main)
$ git push
Enumerating objects: 5, done.
Counting objects: 100% (5/5), done.
Delta compression using up to 12 threads
Compressing objects: 100% (2/2), done.
Writing objects: 100% (3/3), 345 bytes | 345.00 KiB/s, done.
Total 3 (delta 0), reused 0 (delta 0), pack-reused 0
To https://github.com/waynne0205/TPNet_Test_1.git
   15ef586..58f3e27  main -> main
